// Jest Snapshot v1, https://goo.gl/fbAQLP

exports[`renders correctly 1`] = `
Array [
  <div
    autoFocus={true}
    onFocus={[MockFunction]}
  >
    Input
  </div>,
  <div
    onFocus={[MockFunction]}
  >
    Input
  </div>,
  <div
    onFocus={[MockFunction]}
    placeholder="MM/AA"
  >
    Input
  </div>,
  <div
    label="CVC"
    onFocus={[MockFunction]}
    placeholder="123"
    value=""
  >
    Input
  </div>,
]
`;
